// Jest Snapshot v1, https://goo.gl/fbAQLP

exports[`matches snapshot 1`] = `
<RuleRow>
  <tr
    className="RuleRow RuleRow-active"
  >
    <td
      className="RuleRow-name"
    />
    <td
      className="RuleRow-score"
    />
  </tr>
</RuleRow>
`;
